Release 14.7 - xst P.20131013 (nt64)
Copyright (c) 1995-2013 Xilinx, Inc.  All rights reserved.
--> Parameter TMPDIR set to xst/projnav.tmp


Total REAL time to Xst completion: 0.00 secs
Total CPU time to Xst completion: 0.08 secs
 
--> Parameter xsthdpdir set to xst


Total REAL time to Xst completion: 0.00 secs
Total CPU time to Xst completion: 0.08 secs
 
--> Reading design: compteur_BCD.prj

TABLE OF CONTENTS
  1) Synthesis Options Summary
  2) HDL Parsing
  3) HDL Elaboration
  4) HDL Synthesis
       4.1) HDL Synthesis Report
  5) Advanced HDL Synthesis
       5.1) Advanced HDL Synthesis Report
  6) Low Level Synthesis
  7) Partition Report
  8) Design Summary
       8.1) Primitive and Black Box Usage
       8.2) Device utilization summary
       8.3) Partition Resource Summary
       8.4) Timing Report
            8.4.1) Clock Information
            8.4.2) Asynchronous Control Signals Information
            8.4.3) Timing Summary
            8.4.4) Timing Details
            8.4.5) Cross Clock Domains Report


=========================================================================
*                      Synthesis Options Summary                        *
=========================================================================
---- Source Parameters
Input File Name                    : "compteur_BCD.prj"
Ignore Synthesis Constraint File   : NO

---- Target Parameters
Output File Name                   : "compteur_BCD"
Output Format                      : NGC
Target Device                      : xc7a100t-3-csg324

---- Source Options
Top Module Name                    : compteur_BCD
Automatic FSM Extraction           : YES
FSM Encoding Algorithm             : Auto
Safe Implementation                : No
FSM Style                          : LUT
RAM Extraction                     : Yes
RAM Style                          : Auto
ROM Extraction                     : Yes
Shift Register Extraction          : YES
ROM Style                          : Auto
Resource Sharing                   : YES
Asynchronous To Synchronous        : NO
Shift Register Minimum Size        : 2
Use DSP Block                      : Auto
Automatic Register Balancing       : No

---- Target Options
LUT Combining                      : Auto
Reduce Control Sets                : Auto
Add IO Buffers                     : YES
Global Maximum Fanout              : 100000
Add Generic Clock Buffer(BUFG)     : 32
Register Duplication               : YES
Optimize Instantiated Primitives   : NO
Use Clock Enable                   : Auto
Use Synchronous Set                : Auto
Use Synchronous Reset              : Auto
Pack IO Registers into IOBs        : Auto
Equivalent register Removal        : YES

---- General Options
Optimization Goal                  : Speed
Optimization Effort                : 1
Power Reduction                    : NO
Keep Hierarchy                     : No
Netlist Hierarchy                  : As_Optimized
RTL Output                         : Yes
Global Optimization                : AllClockNets
Read Cores                         : YES
Write Timing Constraints           : NO
Cross Clock Analysis               : NO
Hierarchy Separator                : /
Bus Delimiter                      : <>
Case Specifier                     : Maintain
Slice Utilization Ratio            : 100
BRAM Utilization Ratio             : 100
DSP48 Utilization Ratio            : 100
Auto BRAM Packing                  : NO
Slice Utilization Ratio Delta      : 5

=========================================================================


=========================================================================
*                          HDL Parsing                                  *
=========================================================================
Parsing VHDL file "G:\Etudiant\INSTRU1\FPGA\tp1 tuner\TP2TURNER\compteur_BCD.vhd" into library work
Parsing entity <compteur_BCD>.
Parsing architecture <Behavioral> of entity <compteur_bcd>.

=========================================================================
*                            HDL Elaboration                            *
=========================================================================

Elaborating entity <compteur_BCD> (architecture <Behavioral>) from library <work>.

=========================================================================
*                           HDL Synthesis                               *
=========================================================================

Synthesizing Unit <compteur_BCD>.
    Related source file is "G:\Etudiant\INSTRU1\FPGA\tp1 tuner\TP2TURNER\compteur_BCD.vhd".
    Found 4-bit register for signal <BCD_T>.
    Found 1-bit register for signal <COUNTER_D<3>>.
    Found 1-bit register for signal <COUNTER_D<2>>.
    Found 1-bit register for signal <COUNTER_D<1>>.
    Found 1-bit register for signal <COUNTER_D<0>>.
    Found 1-bit register for signal <COUNTER_H<3>>.
    Found 1-bit register for signal <COUNTER_H<2>>.
    Found 1-bit register for signal <COUNTER_H<1>>.
    Found 1-bit register for signal <COUNTER_H<0>>.
    Found 1-bit register for signal <COUNTER_U<3>>.
    Found 1-bit register for signal <COUNTER_U<2>>.
    Found 1-bit register for signal <COUNTER_U<1>>.
    Found 1-bit register for signal <COUNTER_U<0>>.
    Found 4-bit adder for signal <COUNTER_T[3]_GND_5_o_add_4_OUT> created at line 77.
    Found 4-bit adder for signal <COUNTER_H[3]_GND_5_o_add_6_OUT> created at line 80.
    Found 4-bit adder for signal <COUNTER_D[3]_GND_5_o_add_9_OUT> created at line 83.
    Found 4-bit adder for signal <COUNTER_U[3]_GND_5_o_add_13_OUT> created at line 86.
    Found 4-bit subtractor for signal <GND_5_o_GND_5_o_sub_27_OUT<3:0>> created at line 100.
    Found 4-bit subtractor for signal <GND_5_o_GND_5_o_sub_29_OUT<3:0>> created at line 103.
    Found 4-bit subtractor for signal <GND_5_o_GND_5_o_sub_32_OUT<3:0>> created at line 106.
    Found 4-bit subtractor for signal <GND_5_o_GND_5_o_sub_36_OUT<3:0>> created at line 109.
    Summary:
	inferred   4 Adder/Subtractor(s).
	inferred  16 D-type flip-flop(s).
	inferred  54 Multiplexer(s).
Unit <compteur_BCD> synthesized.

=========================================================================
HDL Synthesis Report

Macro Statistics
# Adders/Subtractors                                   : 4
 4-bit addsub                                          : 4
# Registers                                            : 13
 1-bit register                                        : 12
 4-bit register                                        : 1
# Multiplexers                                         : 54
 4-bit 2-to-1 multiplexer                              : 54

=========================================================================
INFO:Xst:1767 - HDL ADVISOR - Resource sharing has identified that some arithmetic operations in this design can share the same physical resources for reduced device utilization. For improved clock frequency you may try to disable resource sharing.

=========================================================================
*                       Advanced HDL Synthesis                          *
=========================================================================


=========================================================================
Advanced HDL Synthesis Report

Macro Statistics
# Adders/Subtractors                                   : 4
 4-bit addsub                                          : 4
# Registers                                            : 16
 Flip-Flops                                            : 16
# Multiplexers                                         : 54
 4-bit 2-to-1 multiplexer                              : 54

=========================================================================

=========================================================================
*                         Low Level Synthesis                           *
=========================================================================

Optimizing unit <compteur_BCD> ...

Mapping all equations...
Building and optimizing final netlist ...
Found area constraint ratio of 100 (+ 5) on block compteur_BCD, actual ratio is 0.

Final Macro Processing ...

=========================================================================
Final Register Report

Macro Statistics
# Registers                                            : 16
 Flip-Flops                                            : 16

=========================================================================

=========================================================================
*                           Partition Report                            *
=========================================================================

Partition Implementation Status
-------------------------------

  No Partitions were found in this design.

-------------------------------

=========================================================================
*                            Design Summary                             *
=========================================================================

Top Level Output File Name         : compteur_BCD.ngc

Primitive and Black Box Usage:
------------------------------
# BELS                             : 95
#      GND                         : 1
#      INV                         : 1
#      LUT2                        : 4
#      LUT3                        : 10
#      LUT4                        : 17
#      LUT5                        : 12
#      LUT6                        : 46
#      MUXF7                       : 4
# FlipFlops/Latches                : 16
#      FDC                         : 6
#      FDCE                        : 4
#      FDP                         : 6
# Clock Buffers                    : 1
#      BUFGP                       : 1
# IO Buffers                       : 23
#      IBUF                        : 5
#      OBUF                        : 18

Device utilization summary:
---------------------------

Selected Device : 7a100tcsg324-3 


Slice Logic Utilization: 
 Number of Slice Registers:              16  out of  126800     0%  
 Number of Slice LUTs:                   90  out of  63400     0%  
    Number used as Logic:                90  out of  63400     0%  

Slice Logic Distribution: 
 Number of LUT Flip Flop pairs used:     90
   Number with an unused Flip Flop:      74  out of     90    82%  
   Number with an unused LUT:             0  out of     90     0%  
   Number of fully used LUT-FF pairs:    16  out of     90    17%  
   Number of unique control sets:         2

IO Utilization: 
 Number of IOs:                          24
 Number of bonded IOBs:                  24  out of    210    11%  

Specific Feature Utilization:
 Number of BUFG/BUFGCTRLs:                1  out of     32     3%  

---------------------------
Partition Resource Summary:
---------------------------

  No Partitions were found in this design.

---------------------------


=========================================================================
Timing Report

NOTE: THESE TIMING NUMBERS ARE ONLY A SYNTHESIS ESTIMATE.
      FOR ACCURATE TIMING INFORMATION PLEASE REFER TO THE TRACE REPORT
      GENERATED AFTER PLACE-and-ROUTE.

Clock Information:
------------------
-----------------------------------+------------------------+-------+
Clock Signal                       | Clock buffer(FF name)  | Load  |
-----------------------------------+------------------------+-------+
CLK                                | BUFGP                  | 16    |
-----------------------------------+------------------------+-------+

Asynchronous Control Signals Information:
----------------------------------------
No asynchronous control signals found in this design

Timing Summary:
---------------
Speed Grade: -3

   Minimum period: 2.849ns (Maximum Frequency: 350.976MHz)
   Minimum input arrival time before clock: 3.154ns
   Maximum output required time after clock: 1.995ns
   Maximum combinational path delay: No path found

Timing Details:
---------------
All values displayed in nanoseconds (ns)

=========================================================================
Timing constraint: Default period analysis for Clock 'CLK'
  Clock period: 2.849ns (frequency: 350.976MHz)
  Total number of paths / destination ports: 929 / 20
-------------------------------------------------------------------------
Delay:               2.849ns (Levels of Logic = 5)
  Source:            COUNTER_U_0 (FF)
  Destination:       COUNTER_T_0 (FF)
  Source Clock:      CLK rising
  Destination Clock: CLK rising

  Data Path: COUNTER_U_0 to COUNTER_T_0
                                Gate     Net
    Cell:in->out      fanout   Delay   Delay  Logical Name (Net Name)
    ----------------------------------------  ------------
     FDP:C->Q             13   0.361   0.612  COUNTER_U_0 (COUNTER_U_0)
     LUT6:I2->O            5   0.097   0.575  Mmux_COUNTER_D[3]_COUNTER_D[3]_mux_47_OUT_A411 (Mmux_COUNTER_D[3]_COUNTER_D[3]_mux_47_OUT_A41)
     LUT4:I0->O            1   0.097   0.000  Mmux_COUNTER_H[3]_COUNTER_H[3]_mux_49_OUT_A121_F (N92)
     MUXF7:I0->O           6   0.277   0.318  Mmux_COUNTER_H[3]_COUNTER_H[3]_mux_49_OUT_A121 (Mmux_COUNTER_H[3]_COUNTER_H[3]_mux_49_OUT_A12)
     LUT5:I4->O            4   0.097   0.309  _n0183_inv1_rstpot (_n0183_inv1_rstpot)
     LUT3:I2->O            1   0.097   0.000  COUNTER_T_2_dpot (COUNTER_T_2_dpot)
     FDCE:D                    0.008          COUNTER_T_2
    ----------------------------------------
    Total                      2.849ns (1.034ns logic, 1.815ns route)
                                       (36.3% logic, 63.7% route)

=========================================================================
Timing constraint: Default OFFSET IN BEFORE for Clock 'CLK'
  Total number of paths / destination ports: 289 / 32
-------------------------------------------------------------------------
Offset:              3.154ns (Levels of Logic = 7)
  Source:            Enable (PAD)
  Destination:       COUNTER_T_0 (FF)
  Destination Clock: CLK rising

  Data Path: Enable to COUNTER_T_0
                                Gate     Net
    Cell:in->out      fanout   Delay   Delay  Logical Name (Net Name)
    ----------------------------------------  ------------
     IBUF:I->O            35   0.001   0.487  Enable_IBUF (Enable_IBUF)
     LUT2:I0->O            1   0.097   0.693  GND_5_o_COUNTER_U[3]_equal_23_o<3>1_SW0 (N32)
     LUT6:I0->O            5   0.097   0.575  Mmux_COUNTER_D[3]_COUNTER_D[3]_mux_47_OUT_A411 (Mmux_COUNTER_D[3]_COUNTER_D[3]_mux_47_OUT_A41)
     LUT4:I0->O            1   0.097   0.000  Mmux_COUNTER_H[3]_COUNTER_H[3]_mux_49_OUT_A121_F (N92)
     MUXF7:I0->O           6   0.277   0.318  Mmux_COUNTER_H[3]_COUNTER_H[3]_mux_49_OUT_A121 (Mmux_COUNTER_H[3]_COUNTER_H[3]_mux_49_OUT_A12)
     LUT5:I4->O            4   0.097   0.309  _n0183_inv1_rstpot (_n0183_inv1_rstpot)
     LUT3:I2->O            1   0.097   0.000  COUNTER_T_2_dpot (COUNTER_T_2_dpot)
     FDCE:D                    0.008          COUNTER_T_2
    ----------------------------------------
    Total                      3.154ns (0.771ns logic, 2.383ns route)
                                       (24.4% logic, 75.6% route)

=========================================================================
Timing constraint: Default OFFSET OUT AFTER for Clock 'CLK'
  Total number of paths / destination ports: 48 / 18
-------------------------------------------------------------------------
Offset:              1.995ns (Levels of Logic = 3)
  Source:            COUNTER_T_2 (FF)
  Destination:       Full (PAD)
  Source Clock:      CLK rising

  Data Path: COUNTER_T_2 to Full
                                Gate     Net
    Cell:in->out      fanout   Delay   Delay  Logical Name (Net Name)
    ----------------------------------------  ------------
     FDCE:C->Q            11   0.361   0.740  COUNTER_T_2 (COUNTER_T_2)
     LUT6:I0->O            3   0.097   0.389  Full2 (Full1)
     LUT6:I4->O            8   0.097   0.311  Full3 (Empty_OBUF)
     OBUF:I->O                 0.000          Full_OBUF (Full2)
    ----------------------------------------
    Total                      1.995ns (0.555ns logic, 1.440ns route)
                                       (27.8% logic, 72.2% route)

=========================================================================

Cross Clock Domains Report:
--------------------------

Clock to Setup on destination clock CLK
---------------+---------+---------+---------+---------+
               | Src:Rise| Src:Fall| Src:Rise| Src:Fall|
Source Clock   |Dest:Rise|Dest:Rise|Dest:Fall|Dest:Fall|
---------------+---------+---------+---------+---------+
CLK            |    2.849|         |         |         |
---------------+---------+---------+---------+---------+

=========================================================================


Total REAL time to Xst completion: 7.00 secs
Total CPU time to Xst completion: 7.17 secs
 
--> 

Total memory usage is 4616952 kilobytes

Number of errors   :    0 (   0 filtered)
Number of warnings :    0 (   0 filtered)
Number of infos    :    1 (   0 filtered)

