--------------------------------------------------------------------------------
Release 14.7 Trace  (nt64)
Copyright (c) 1995-2013 Xilinx, Inc.  All rights reserved.

C:\Xilinx\14.7\ISE_DS\ISE\bin\nt64\unwrapped\trce.exe -intstyle ise -v 3 -s 3
-n 3 -fastpaths -xml etape2.twx etape2.ncd -o etape2.twr etape2.pcf

Design file:              etape2.ncd
Physical constraint file: etape2.pcf
Device,package,speed:     xc7a100t,csg324,C,-3 (PRODUCTION 1.10 2013-10-13)
Report level:             verbose report

Environment Variable      Effect 
--------------------      ------ 
NONE                      No environment variables were set
--------------------------------------------------------------------------------

INFO:Timing:2698 - No timing constraints found, doing default enumeration.
INFO:Timing:3412 - To improve timing, see the Timing Closure User Guide (UG612).
INFO:Timing:2752 - To get complete path coverage, use the unconstrained paths 
   option. All paths that are not constrained will be reported in the 
   unconstrained paths section(s) of the report.
INFO:Timing:3339 - The clock-to-out numbers in this timing report are based on 
   a 50 Ohm transmission line loading model.  For the details of this model, 
   and for more information on accounting for different loading conditions, 
   please see the device datasheet.



Data Sheet report:
-----------------
All values displayed in nanoseconds (ns)

Pad to Pad
---------------+---------------+---------+
Source Pad     |Destination Pad|  Delay  |
---------------+---------------+---------+
d<0>           |s<0>           |    5.607|
d<0>           |s<1>           |    5.456|
d<0>           |s<2>           |    5.608|
d<0>           |s<3>           |    5.458|
d<0>           |s<4>           |    5.703|
d<0>           |s<5>           |    5.480|
d<0>           |s<6>           |    5.573|
d<1>           |s<0>           |    5.714|
d<1>           |s<1>           |    5.568|
d<1>           |s<2>           |    5.468|
d<1>           |s<3>           |    5.569|
d<1>           |s<4>           |    5.567|
d<1>           |s<5>           |    5.326|
d<1>           |s<6>           |    5.423|
d<2>           |s<0>           |    5.455|
d<2>           |s<1>           |    5.101|
d<2>           |s<2>           |    5.467|
d<2>           |s<3>           |    5.302|
d<2>           |s<4>           |    5.573|
d<2>           |s<5>           |    5.323|
d<2>           |s<6>           |    5.427|
d<3>           |s<0>           |    5.590|
d<3>           |s<1>           |    5.428|
d<3>           |s<2>           |    5.326|
d<3>           |s<3>           |    5.430|
d<3>           |s<4>           |    5.421|
d<3>           |s<5>           |    5.190|
d<3>           |s<6>           |    5.283|
---------------+---------------+---------+


Analysis completed Tue Nov 28 15:27:49 2023 
--------------------------------------------------------------------------------

Trace Settings:
-------------------------
Trace Settings 

Peak Memory Usage: 5003 MB



