Release 14.7 - xst P.20131013 (nt64)
Copyright (c) 1995-2013 Xilinx, Inc.  All rights reserved.
--> Parameter TMPDIR set to xst/projnav.tmp


Total REAL time to Xst completion: 0.00 secs
Total CPU time to Xst completion: 0.08 secs
 
--> Parameter xsthdpdir set to xst


Total REAL time to Xst completion: 0.00 secs
Total CPU time to Xst completion: 0.08 secs
 
--> Reading design: SCHEMA4.prj

TABLE OF CONTENTS
  1) Synthesis Options Summary
  2) HDL Parsing
  3) HDL Elaboration
  4) HDL Synthesis
       4.1) HDL Synthesis Report
  5) Advanced HDL Synthesis
       5.1) Advanced HDL Synthesis Report
  6) Low Level Synthesis
  7) Partition Report
  8) Design Summary
       8.1) Primitive and Black Box Usage
       8.2) Device utilization summary
       8.3) Partition Resource Summary
       8.4) Timing Report
            8.4.1) Clock Information
            8.4.2) Asynchronous Control Signals Information
            8.4.3) Timing Summary
            8.4.4) Timing Details
            8.4.5) Cross Clock Domains Report


=========================================================================
*                      Synthesis Options Summary                        *
=========================================================================
---- Source Parameters
Input File Name                    : "SCHEMA4.prj"
Ignore Synthesis Constraint File   : NO

---- Target Parameters
Output File Name                   : "SCHEMA4"
Output Format                      : NGC
Target Device                      : xc7a100t-3-csg324

---- Source Options
Top Module Name                    : SCHEMA4
Automatic FSM Extraction           : YES
FSM Encoding Algorithm             : Auto
Safe Implementation                : No
FSM Style                          : LUT
RAM Extraction                     : Yes
RAM Style                          : Auto
ROM Extraction                     : Yes
Shift Register Extraction          : YES
ROM Style                          : Auto
Resource Sharing                   : YES
Asynchronous To Synchronous        : NO
Shift Register Minimum Size        : 2
Use DSP Block                      : Auto
Automatic Register Balancing       : No

---- Target Options
LUT Combining                      : Auto
Reduce Control Sets                : Auto
Add IO Buffers                     : YES
Global Maximum Fanout              : 100000
Add Generic Clock Buffer(BUFG)     : 32
Register Duplication               : YES
Optimize Instantiated Primitives   : NO
Use Clock Enable                   : Auto
Use Synchronous Set                : Auto
Use Synchronous Reset              : Auto
Pack IO Registers into IOBs        : Auto
Equivalent register Removal        : YES

---- General Options
Optimization Goal                  : Speed
Optimization Effort                : 1
Power Reduction                    : NO
Keep Hierarchy                     : No
Netlist Hierarchy                  : As_Optimized
RTL Output                         : Yes
Global Optimization                : AllClockNets
Read Cores                         : YES
Write Timing Constraints           : NO
Cross Clock Analysis               : NO
Hierarchy Separator                : /
Bus Delimiter                      : <>
Case Specifier                     : Maintain
Slice Utilization Ratio            : 100
BRAM Utilization Ratio             : 100
DSP48 Utilization Ratio            : 100
Auto BRAM Packing                  : NO
Slice Utilization Ratio Delta      : 5

=========================================================================


=========================================================================
*                          HDL Parsing                                  *
=========================================================================
Parsing VHDL file "G:\Etudiant\INSTRU1\FPGA\Tp0\schema1tpo.vhf" into library work
Parsing entity <schema1tpo>.
Parsing architecture <BEHAVIORAL> of entity <schema1tpo>.
Parsing VHDL file "G:\Etudiant\INSTRU1\FPGA\Tp0\etape3\etape3.vhd" into library work
Parsing entity <etape3>.
Parsing architecture <Behavioral> of entity <etape3>.
Parsing VHDL file "G:\Etudiant\INSTRU1\FPGA\Tp0\etape3\etape2.vhd" into library work
Parsing entity <etape2>.
Parsing architecture <Behavioral> of entity <etape2>.
Parsing VHDL file "G:\Etudiant\INSTRU1\FPGA\Tp0\SCHEMA4.vhf" into library work
Parsing entity <FTC_HXILINX_SCHEMA4>.
Parsing architecture <Behavioral> of entity <ftc_hxilinx_schema4>.
Parsing entity <CB4CLED_HXILINX_SCHEMA4>.
Parsing architecture <Behavioral> of entity <cb4cled_hxilinx_schema4>.
Parsing entity <schema1tpo_MUSER_SCHEMA4>.
Parsing architecture <BEHAVIORAL> of entity <schema1tpo_muser_schema4>.
Parsing entity <SCHEMA4>.
Parsing architecture <BEHAVIORAL> of entity <schema4>.

=========================================================================
*                            HDL Elaboration                            *
=========================================================================

Elaborating entity <SCHEMA4> (architecture <BEHAVIORAL>) from library <work>.

Elaborating entity <CB4CLED_HXILINX_SCHEMA4> (architecture <Behavioral>) from library <work>.

Elaborating entity <FTC_HXILINX_SCHEMA4> (architecture <Behavioral>) with generics from library <work>.

Elaborating entity <etape3> (architecture <Behavioral>) from library <work>.

Elaborating entity <etape2> (architecture <Behavioral>) from library <work>.

Elaborating entity <schema1tpo_MUSER_SCHEMA4> (architecture <BEHAVIORAL>) from library <work>.

=========================================================================
*                           HDL Synthesis                               *
=========================================================================

Synthesizing Unit <SCHEMA4>.
    Related source file is "G:\Etudiant\INSTRU1\FPGA\Tp0\SCHEMA4.vhf".
    Set property "HU_SET = XLXI_1_0" for instance <XLXI_1>.
    Set property "HU_SET = XLXI_2_1" for instance <XLXI_2>.
INFO:Xst:3210 - "G:\Etudiant\INSTRU1\FPGA\Tp0\SCHEMA4.vhf" line 277: Output port <CEO> of the instance <XLXI_1> is unconnected or connected to loadless signal.
    Summary:
	no macro.
Unit <SCHEMA4> synthesized.

Synthesizing Unit <CB4CLED_HXILINX_SCHEMA4>.
    Related source file is "G:\Etudiant\INSTRU1\FPGA\Tp0\SCHEMA4.vhf".
    Found 4-bit register for signal <COUNT>.
    Found 4-bit adder for signal <COUNT[3]_GND_8_o_add_0_OUT> created at line 104.
    Found 4-bit subtractor for signal <GND_8_o_GND_8_o_sub_2_OUT<3:0>> created at line 106.
    Summary:
	inferred   1 Adder/Subtractor(s).
	inferred   4 D-type flip-flop(s).
	inferred   2 Multiplexer(s).
Unit <CB4CLED_HXILINX_SCHEMA4> synthesized.

Synthesizing Unit <FTC_HXILINX_SCHEMA4>.
    Related source file is "G:\Etudiant\INSTRU1\FPGA\Tp0\SCHEMA4.vhf".
        INIT = '0'
    Found 1-bit register for signal <q_tmp>.
    Summary:
	inferred   1 D-type flip-flop(s).
Unit <FTC_HXILINX_SCHEMA4> synthesized.

Synthesizing Unit <etape3>.
    Related source file is "G:\Etudiant\INSTRU1\FPGA\Tp0\etape3\etape3.vhd".
    Found 1-bit register for signal <clock_5Hz_int>.
    Found 27-bit register for signal <clock_scale>.
    Found 27-bit adder for signal <clock_scale[26]_GND_10_o_add_1_OUT> created at line 48.
    Found 27-bit comparator greater for signal <clock_scale[26]_GND_10_o_LessThan_1_o> created at line 47
    Found 27-bit comparator lessequal for signal <clock_scale[26]_GND_10_o_LessThan_4_o> created at line 52
    Summary:
	inferred   1 Adder/Subtractor(s).
	inferred  28 D-type flip-flop(s).
	inferred   2 Comparator(s).
Unit <etape3> synthesized.

Synthesizing Unit <etape2>.
    Related source file is "G:\Etudiant\INSTRU1\FPGA\Tp0\etape3\etape2.vhd".
    Found 16x7-bit Read Only RAM for signal <s>
    Summary:
	inferred   1 RAM(s).
Unit <etape2> synthesized.

Synthesizing Unit <schema1tpo_MUSER_SCHEMA4>.
    Related source file is "G:\Etudiant\INSTRU1\FPGA\Tp0\SCHEMA4.vhf".
    Summary:
	no macro.
Unit <schema1tpo_MUSER_SCHEMA4> synthesized.

=========================================================================
HDL Synthesis Report

Macro Statistics
# RAMs                                                 : 1
 16x7-bit single-port Read Only RAM                    : 1
# Adders/Subtractors                                   : 2
 27-bit adder                                          : 1
 4-bit addsub                                          : 1
# Registers                                            : 4
 1-bit register                                        : 2
 27-bit register                                       : 1
 4-bit register                                        : 1
# Comparators                                          : 2
 27-bit comparator greater                             : 1
 27-bit comparator lessequal                           : 1
# Multiplexers                                         : 2
 1-bit 2-to-1 multiplexer                              : 1
 4-bit 2-to-1 multiplexer                              : 1

=========================================================================

=========================================================================
*                       Advanced HDL Synthesis                          *
=========================================================================


Synthesizing (advanced) Unit <CB4CLED_HXILINX_SCHEMA4>.
The following registers are absorbed into counter <COUNT>: 1 register on signal <COUNT>.
Unit <CB4CLED_HXILINX_SCHEMA4> synthesized (advanced).

Synthesizing (advanced) Unit <etape2>.
INFO:Xst:3218 - HDL ADVISOR - The RAM <Mram_s> will be implemented on LUTs either because you have described an asynchronous read or because of currently unsupported block RAM features. If you have described an asynchronous read, making it synchronous would allow you to take advantage of available block RAM resources, for optimized device usage and improved timings. Please refer to your documentation for coding guidelines.
    -----------------------------------------------------------------------
    | ram_type           | Distributed                         |          |
    -----------------------------------------------------------------------
    | Port A                                                              |
    |     aspect ratio   | 16-word x 7-bit                     |          |
    |     weA            | connected to signal <GND>           | high     |
    |     addrA          | connected to signal <d>             |          |
    |     diA            | connected to signal <GND>           |          |
    |     doA            | connected to signal <s>             |          |
    -----------------------------------------------------------------------
Unit <etape2> synthesized (advanced).

Synthesizing (advanced) Unit <etape3>.
The following registers are absorbed into counter <clock_scale>: 1 register on signal <clock_scale>.
Unit <etape3> synthesized (advanced).

=========================================================================
Advanced HDL Synthesis Report

Macro Statistics
# RAMs                                                 : 1
 16x7-bit single-port distributed Read Only RAM        : 1
# Counters                                             : 2
 27-bit up counter                                     : 1
 4-bit updown counter                                  : 1
# Registers                                            : 5
 Flip-Flops                                            : 5
# Comparators                                          : 2
 27-bit comparator greater                             : 1
 27-bit comparator lessequal                           : 1

=========================================================================

=========================================================================
*                         Low Level Synthesis                           *
=========================================================================

Optimizing unit <SCHEMA4> ...

Optimizing unit <CB4CLED_HXILINX_SCHEMA4> ...

Optimizing unit <FTC_HXILINX_SCHEMA4> ...

Mapping all equations...
Building and optimizing final netlist ...
Found area constraint ratio of 100 (+ 5) on block SCHEMA4, actual ratio is 0.

Final Macro Processing ...

=========================================================================
Final Register Report

Macro Statistics
# Registers                                            : 36
 Flip-Flops                                            : 36

=========================================================================

=========================================================================
*                           Partition Report                            *
=========================================================================

Partition Implementation Status
-------------------------------

  No Partitions were found in this design.

-------------------------------

=========================================================================
*                            Design Summary                             *
=========================================================================

Top Level Output File Name         : SCHEMA4.ngc

Primitive and Black Box Usage:
------------------------------
# BELS                             : 131
#      AND3B1                      : 1
#      GND                         : 1
#      INV                         : 4
#      LUT1                        : 26
#      LUT2                        : 2
#      LUT3                        : 1
#      LUT4                        : 10
#      LUT5                        : 19
#      LUT6                        : 1
#      MUXCY                       : 38
#      VCC                         : 1
#      XORCY                       : 27
# FlipFlops/Latches                : 36
#      FD                          : 1
#      FD_1                        : 3
#      FDCE                        : 5
#      FDR                         : 27
# Clock Buffers                    : 2
#      BUFG                        : 1
#      BUFGP                       : 1
# IO Buffers                       : 17
#      IBUF                        : 2
#      OBUF                        : 15

Device utilization summary:
---------------------------

Selected Device : 7a100tcsg324-3 


Slice Logic Utilization: 
 Number of Slice Registers:              36  out of  126800     0%  
 Number of Slice LUTs:                   63  out of  63400     0%  
    Number used as Logic:                63  out of  63400     0%  

Slice Logic Distribution: 
 Number of LUT Flip Flop pairs used:     68
   Number with an unused Flip Flop:      32  out of     68    47%  
   Number with an unused LUT:             5  out of     68     7%  
   Number of fully used LUT-FF pairs:    31  out of     68    45%  
   Number of unique control sets:         5

IO Utilization: 
 Number of IOs:                          18
 Number of bonded IOBs:                  18  out of    210     8%  

Specific Feature Utilization:
 Number of BUFG/BUFGCTRLs:                2  out of     32     6%  

---------------------------
Partition Resource Summary:
---------------------------

  No Partitions were found in this design.

---------------------------


=========================================================================
Timing Report

NOTE: THESE TIMING NUMBERS ARE ONLY A SYNTHESIS ESTIMATE.
      FOR ACCURATE TIMING INFORMATION PLEASE REFER TO THE TRACE REPORT
      GENERATED AFTER PLACE-and-ROUTE.

Clock Information:
------------------
-----------------------------------+------------------------+-------+
Clock Signal                       | Clock buffer(FF name)  | Load  |
-----------------------------------+------------------------+-------+
CLOCK_BRD                          | BUFGP                  | 28    |
XLXI_3/clock_5Hz_int               | BUFG                   | 8     |
-----------------------------------+------------------------+-------+

Asynchronous Control Signals Information:
----------------------------------------
No asynchronous control signals found in this design

Timing Summary:
---------------
Speed Grade: -3

   Minimum period: 3.094ns (Maximum Frequency: 323.248MHz)
   Minimum input arrival time before clock: 1.184ns
   Maximum output required time after clock: 1.344ns
   Maximum combinational path delay: No path found

Timing Details:
---------------
All values displayed in nanoseconds (ns)

=========================================================================
Timing constraint: Default period analysis for Clock 'CLOCK_BRD'
  Clock period: 2.602ns (frequency: 384.393MHz)
  Total number of paths / destination ports: 1808 / 55
-------------------------------------------------------------------------
Delay:               2.602ns (Levels of Logic = 7)
  Source:            XLXI_3/clock_scale_2 (FF)
  Destination:       XLXI_3/clock_scale_0 (FF)
  Source Clock:      CLOCK_BRD rising
  Destination Clock: CLOCK_BRD rising

  Data Path: XLXI_3/clock_scale_2 to XLXI_3/clock_scale_0
                                Gate     Net
    Cell:in->out      fanout   Delay   Delay  Logical Name (Net Name)
    ----------------------------------------  ------------
     FDR:C->Q              5   0.361   0.702  XLXI_3/clock_scale_2 (XLXI_3/clock_scale_2)
     LUT5:I0->O            1   0.097   0.000  XLXI_3/Mcompar_clock_scale[26]_GND_10_o_LessThan_1_o_lut<0> (XLXI_3/Mcompar_clock_scale[26]_GND_10_o_LessThan_1_o_lut<0>)
     MUXCY:S->O            1   0.353   0.000  XLXI_3/Mcompar_clock_scale[26]_GND_10_o_LessThan_1_o_cy<0> (XLXI_3/Mcompar_clock_scale[26]_GND_10_o_LessThan_1_o_cy<0>)
     MUXCY:CI->O           1   0.023   0.000  XLXI_3/Mcompar_clock_scale[26]_GND_10_o_LessThan_1_o_cy<1> (XLXI_3/Mcompar_clock_scale[26]_GND_10_o_LessThan_1_o_cy<1>)
     MUXCY:CI->O           1   0.023   0.000  XLXI_3/Mcompar_clock_scale[26]_GND_10_o_LessThan_1_o_cy<2> (XLXI_3/Mcompar_clock_scale[26]_GND_10_o_LessThan_1_o_cy<2>)
     MUXCY:CI->O           1   0.023   0.000  XLXI_3/Mcompar_clock_scale[26]_GND_10_o_LessThan_1_o_cy<3> (XLXI_3/Mcompar_clock_scale[26]_GND_10_o_LessThan_1_o_cy<3>)
     MUXCY:CI->O           1   0.023   0.000  XLXI_3/Mcompar_clock_scale[26]_GND_10_o_LessThan_1_o_cy<4> (XLXI_3/Mcompar_clock_scale[26]_GND_10_o_LessThan_1_o_cy<4>)
     MUXCY:CI->O          27   0.262   0.385  XLXI_3/Mcompar_clock_scale[26]_GND_10_o_LessThan_1_o_cy<5> (XLXI_3/Mcompar_clock_scale[26]_GND_10_o_LessThan_1_o_cy<5>)
     FDR:R                     0.349          XLXI_3/clock_scale_0
    ----------------------------------------
    Total                      2.602ns (1.514ns logic, 1.088ns route)
                                       (58.2% logic, 41.8% route)

=========================================================================
Timing constraint: Default period analysis for Clock 'XLXI_3/clock_5Hz_int'
  Clock period: 3.094ns (frequency: 323.248MHz)
  Total number of paths / destination ports: 33 / 12
-------------------------------------------------------------------------
Delay:               1.547ns (Levels of Logic = 2)
  Source:            XLXI_5/XLXI_13 (FF)
  Destination:       XLXI_1/COUNT_0 (FF)
  Source Clock:      XLXI_3/clock_5Hz_int falling
  Destination Clock: XLXI_3/clock_5Hz_int rising

  Data Path: XLXI_5/XLXI_13 to XLXI_1/COUNT_0
                                Gate     Net
    Cell:in->out      fanout   Delay   Delay  Logical Name (Net Name)
    ----------------------------------------  ------------
     FD_1:C->Q             2   0.364   0.688  XLXI_5/XLXI_13 (XLXI_5/XLXN_23)
     AND3B1:I1->O          4   0.107   0.293  XLXI_5/XLXI_9 (XLXN_9)
     begin scope: 'XLXI_1:CE'
     FDCE:CE                   0.095          COUNT_0
    ----------------------------------------
    Total                      1.547ns (0.566ns logic, 0.981ns route)
                                       (36.6% logic, 63.4% route)

=========================================================================
Timing constraint: Default OFFSET IN BEFORE for Clock 'XLXI_3/clock_5Hz_int'
  Total number of paths / destination ports: 6 / 6
-------------------------------------------------------------------------
Offset:              1.184ns (Levels of Logic = 4)
  Source:            TEST_BUTTON (PAD)
  Destination:       XLXI_2/q_tmp (FF)
  Destination Clock: XLXI_3/clock_5Hz_int rising

  Data Path: TEST_BUTTON to XLXI_2/q_tmp
                                Gate     Net
    Cell:in->out      fanout   Delay   Delay  Logical Name (Net Name)
    ----------------------------------------  ------------
     IBUF:I->O             5   0.001   0.712  TEST_BUTTON_IBUF (TEST_BUTTON_IBUF)
     begin scope: 'XLXI_1:CLR'
     LUT6:I0->O            1   0.097   0.279  TC1 (TC)
     end scope: 'XLXI_1:TC'
     begin scope: 'XLXI_2:T'
     FDCE:CE                   0.095          q_tmp
    ----------------------------------------
    Total                      1.184ns (0.193ns logic, 0.991ns route)
                                       (16.3% logic, 83.7% route)

=========================================================================
Timing constraint: Default OFFSET OUT AFTER for Clock 'XLXI_3/clock_5Hz_int'
  Total number of paths / destination ports: 28 / 7
-------------------------------------------------------------------------
Offset:              1.344ns (Levels of Logic = 3)
  Source:            XLXI_1/COUNT_0 (FF)
  Destination:       seg<5> (PAD)
  Source Clock:      XLXI_3/clock_5Hz_int rising

  Data Path: XLXI_1/COUNT_0 to seg<5>
                                Gate     Net
    Cell:in->out      fanout   Delay   Delay  Logical Name (Net Name)
    ----------------------------------------  ------------
     FDCE:C->Q            12   0.361   0.607  COUNT_0 (COUNT_0)
     end scope: 'XLXI_1:Q0'
     LUT4:I0->O            1   0.097   0.279  XLXI_4/Mram_s41 (seg_4_OBUF)
     OBUF:I->O                 0.000          seg_4_OBUF (seg<4>)
    ----------------------------------------
    Total                      1.344ns (0.458ns logic, 0.886ns route)
                                       (34.1% logic, 65.9% route)

=========================================================================

Cross Clock Domains Report:
--------------------------

Clock to Setup on destination clock CLOCK_BRD
---------------+---------+---------+---------+---------+
               | Src:Rise| Src:Fall| Src:Rise| Src:Fall|
Source Clock   |Dest:Rise|Dest:Rise|Dest:Fall|Dest:Fall|
---------------+---------+---------+---------+---------+
CLOCK_BRD      |    2.602|         |         |         |
---------------+---------+---------+---------+---------+

Clock to Setup on destination clock XLXI_3/clock_5Hz_int
--------------------+---------+---------+---------+---------+
                    | Src:Rise| Src:Fall| Src:Rise| Src:Fall|
Source Clock        |Dest:Rise|Dest:Rise|Dest:Fall|Dest:Fall|
--------------------+---------+---------+---------+---------+
XLXI_3/clock_5Hz_int|    1.566|    1.547|    0.655|         |
--------------------+---------+---------+---------+---------+

=========================================================================


Total REAL time to Xst completion: 7.00 secs
Total CPU time to Xst completion: 7.01 secs
 
--> 

Total memory usage is 4633136 kilobytes

Number of errors   :    0 (   0 filtered)
Number of warnings :    0 (   0 filtered)
Number of infos    :    2 (   0 filtered)

