Release 14.7 - xst P.20131013 (nt64)
Copyright (c) 1995-2013 Xilinx, Inc.  All rights reserved.
--> Parameter TMPDIR set to xst/projnav.tmp


Total REAL time to Xst completion: 0.00 secs
Total CPU time to Xst completion: 0.08 secs
 
--> Parameter xsthdpdir set to xst


Total REAL time to Xst completion: 0.00 secs
Total CPU time to Xst completion: 0.08 secs
 
--> Reading design: etape3.prj

TABLE OF CONTENTS
  1) Synthesis Options Summary
  2) HDL Parsing
  3) HDL Elaboration
  4) HDL Synthesis
       4.1) HDL Synthesis Report
  5) Advanced HDL Synthesis
       5.1) Advanced HDL Synthesis Report
  6) Low Level Synthesis
  7) Partition Report
  8) Design Summary
       8.1) Primitive and Black Box Usage
       8.2) Device utilization summary
       8.3) Partition Resource Summary
       8.4) Timing Report
            8.4.1) Clock Information
            8.4.2) Asynchronous Control Signals Information
            8.4.3) Timing Summary
            8.4.4) Timing Details
            8.4.5) Cross Clock Domains Report


=========================================================================
*                      Synthesis Options Summary                        *
=========================================================================
---- Source Parameters
Input File Name                    : "etape3.prj"
Ignore Synthesis Constraint File   : NO

---- Target Parameters
Output File Name                   : "etape3"
Output Format                      : NGC
Target Device                      : xc7a100t-3-csg324

---- Source Options
Top Module Name                    : etape3
Automatic FSM Extraction           : YES
FSM Encoding Algorithm             : Auto
Safe Implementation                : No
FSM Style                          : LUT
RAM Extraction                     : Yes
RAM Style                          : Auto
ROM Extraction                     : Yes
Shift Register Extraction          : YES
ROM Style                          : Auto
Resource Sharing                   : YES
Asynchronous To Synchronous        : NO
Shift Register Minimum Size        : 2
Use DSP Block                      : Auto
Automatic Register Balancing       : No

---- Target Options
LUT Combining                      : Auto
Reduce Control Sets                : Auto
Add IO Buffers                     : YES
Global Maximum Fanout              : 100000
Add Generic Clock Buffer(BUFG)     : 32
Register Duplication               : YES
Optimize Instantiated Primitives   : NO
Use Clock Enable                   : Auto
Use Synchronous Set                : Auto
Use Synchronous Reset              : Auto
Pack IO Registers into IOBs        : Auto
Equivalent register Removal        : YES

---- General Options
Optimization Goal                  : Speed
Optimization Effort                : 1
Power Reduction                    : NO
Keep Hierarchy                     : No
Netlist Hierarchy                  : As_Optimized
RTL Output                         : Yes
Global Optimization                : AllClockNets
Read Cores                         : YES
Write Timing Constraints           : NO
Cross Clock Analysis               : NO
Hierarchy Separator                : /
Bus Delimiter                      : <>
Case Specifier                     : Maintain
Slice Utilization Ratio            : 100
BRAM Utilization Ratio             : 100
DSP48 Utilization Ratio            : 100
Auto BRAM Packing                  : NO
Slice Utilization Ratio Delta      : 5

=========================================================================


=========================================================================
*                          HDL Parsing                                  *
=========================================================================
Parsing VHDL file "G:\Etudiant\INSTRU1\FPGA\Tp0\etape3\etape3.vhd" into library work
Parsing entity <etape3>.
Parsing architecture <Behavioral> of entity <etape3>.

=========================================================================
*                            HDL Elaboration                            *
=========================================================================

Elaborating entity <etape3> (architecture <Behavioral>) from library <work>.

=========================================================================
*                           HDL Synthesis                               *
=========================================================================

Synthesizing Unit <etape3>.
    Related source file is "G:\Etudiant\INSTRU1\FPGA\Tp0\etape3\etape3.vhd".
    Found 1-bit register for signal <clk_interne>.
    Found 27-bit register for signal <clock_scale>.
    Found 27-bit adder for signal <clock_scale[26]_GND_5_o_add_1_OUT> created at line 48.
    Found 27-bit comparator greater for signal <clock_scale[26]_GND_5_o_LessThan_1_o> created at line 47
    Found 27-bit comparator lessequal for signal <clock_scale[26]_GND_5_o_LessThan_4_o> created at line 52
    Summary:
	inferred   1 Adder/Subtractor(s).
	inferred  28 D-type flip-flop(s).
	inferred   2 Comparator(s).
Unit <etape3> synthesized.

=========================================================================
HDL Synthesis Report

Macro Statistics
# Adders/Subtractors                                   : 1
 27-bit adder                                          : 1
# Registers                                            : 2
 1-bit register                                        : 1
 27-bit register                                       : 1
# Comparators                                          : 2
 27-bit comparator greater                             : 1
 27-bit comparator lessequal                           : 1

=========================================================================

=========================================================================
*                       Advanced HDL Synthesis                          *
=========================================================================


Synthesizing (advanced) Unit <etape3>.
The following registers are absorbed into counter <clock_scale>: 1 register on signal <clock_scale>.
Unit <etape3> synthesized (advanced).

=========================================================================
Advanced HDL Synthesis Report

Macro Statistics
# Counters                                             : 1
 27-bit up counter                                     : 1
# Registers                                            : 1
 Flip-Flops                                            : 1
# Comparators                                          : 2
 27-bit comparator greater                             : 1
 27-bit comparator lessequal                           : 1

=========================================================================

=========================================================================
*                         Low Level Synthesis                           *
=========================================================================

Optimizing unit <etape3> ...
WARNING:Xst:1710 - FF/Latch <clock_scale_26> (without init value) has a constant value of 0 in block <etape3>. This FF/Latch will be trimmed during the optimization process.
WARNING:Xst:1895 - Due to other FF/Latch trimming, FF/Latch <clock_scale_25> (without init value) has a constant value of 0 in block <etape3>. This FF/Latch will be trimmed during the optimization process.
WARNING:Xst:1895 - Due to other FF/Latch trimming, FF/Latch <clock_scale_24> (without init value) has a constant value of 0 in block <etape3>. This FF/Latch will be trimmed during the optimization process.
WARNING:Xst:1895 - Due to other FF/Latch trimming, FF/Latch <clock_scale_23> (without init value) has a constant value of 0 in block <etape3>. This FF/Latch will be trimmed during the optimization process.
WARNING:Xst:1895 - Due to other FF/Latch trimming, FF/Latch <clock_scale_22> (without init value) has a constant value of 0 in block <etape3>. This FF/Latch will be trimmed during the optimization process.
WARNING:Xst:1895 - Due to other FF/Latch trimming, FF/Latch <clock_scale_21> (without init value) has a constant value of 0 in block <etape3>. This FF/Latch will be trimmed during the optimization process.
WARNING:Xst:1895 - Due to other FF/Latch trimming, FF/Latch <clock_scale_20> (without init value) has a constant value of 0 in block <etape3>. This FF/Latch will be trimmed during the optimization process.
WARNING:Xst:1895 - Due to other FF/Latch trimming, FF/Latch <clock_scale_19> (without init value) has a constant value of 0 in block <etape3>. This FF/Latch will be trimmed during the optimization process.
WARNING:Xst:1895 - Due to other FF/Latch trimming, FF/Latch <clock_scale_18> (without init value) has a constant value of 0 in block <etape3>. This FF/Latch will be trimmed during the optimization process.
WARNING:Xst:1895 - Due to other FF/Latch trimming, FF/Latch <clock_scale_17> (without init value) has a constant value of 0 in block <etape3>. This FF/Latch will be trimmed during the optimization process.
WARNING:Xst:1895 - Due to other FF/Latch trimming, FF/Latch <clock_scale_16> (without init value) has a constant value of 0 in block <etape3>. This FF/Latch will be trimmed during the optimization process.
WARNING:Xst:1895 - Due to other FF/Latch trimming, FF/Latch <clock_scale_15> (without init value) has a constant value of 0 in block <etape3>. This FF/Latch will be trimmed during the optimization process.
WARNING:Xst:1895 - Due to other FF/Latch trimming, FF/Latch <clock_scale_14> (without init value) has a constant value of 0 in block <etape3>. This FF/Latch will be trimmed during the optimization process.
WARNING:Xst:1895 - Due to other FF/Latch trimming, FF/Latch <clock_scale_13> (without init value) has a constant value of 0 in block <etape3>. This FF/Latch will be trimmed during the optimization process.
WARNING:Xst:1895 - Due to other FF/Latch trimming, FF/Latch <clock_scale_12> (without init value) has a constant value of 0 in block <etape3>. This FF/Latch will be trimmed during the optimization process.
WARNING:Xst:1895 - Due to other FF/Latch trimming, FF/Latch <clock_scale_11> (without init value) has a constant value of 0 in block <etape3>. This FF/Latch will be trimmed during the optimization process.
WARNING:Xst:1895 - Due to other FF/Latch trimming, FF/Latch <clock_scale_10> (without init value) has a constant value of 0 in block <etape3>. This FF/Latch will be trimmed during the optimization process.
WARNING:Xst:1895 - Due to other FF/Latch trimming, FF/Latch <clock_scale_9> (without init value) has a constant value of 0 in block <etape3>. This FF/Latch will be trimmed during the optimization process.
WARNING:Xst:1895 - Due to other FF/Latch trimming, FF/Latch <clock_scale_8> (without init value) has a constant value of 0 in block <etape3>. This FF/Latch will be trimmed during the optimization process.
WARNING:Xst:1895 - Due to other FF/Latch trimming, FF/Latch <clock_scale_7> (without init value) has a constant value of 0 in block <etape3>. This FF/Latch will be trimmed during the optimization process.
WARNING:Xst:1895 - Due to other FF/Latch trimming, FF/Latch <clock_scale_6> (without init value) has a constant value of 0 in block <etape3>. This FF/Latch will be trimmed during the optimization process.
WARNING:Xst:1895 - Due to other FF/Latch trimming, FF/Latch <clock_scale_5> (without init value) has a constant value of 0 in block <etape3>. This FF/Latch will be trimmed during the optimization process.
WARNING:Xst:1895 - Due to other FF/Latch trimming, FF/Latch <clock_scale_4> (without init value) has a constant value of 0 in block <etape3>. This FF/Latch will be trimmed during the optimization process.

Mapping all equations...
Building and optimizing final netlist ...
Found area constraint ratio of 100 (+ 5) on block etape3, actual ratio is 0.

Final Macro Processing ...

=========================================================================
Final Register Report

Macro Statistics
# Registers                                            : 5
 Flip-Flops                                            : 5

=========================================================================

=========================================================================
*                           Partition Report                            *
=========================================================================

Partition Implementation Status
-------------------------------

  No Partitions were found in this design.

-------------------------------

=========================================================================
*                            Design Summary                             *
=========================================================================

Top Level Output File Name         : etape3.ngc

Primitive and Black Box Usage:
------------------------------
# BELS                             : 29
#      GND                         : 1
#      INV                         : 1
#      LUT1                        : 3
#      LUT2                        : 1
#      LUT3                        : 1
#      LUT4                        : 1
#      LUT5                        : 1
#      MUXCY                       : 15
#      VCC                         : 1
#      XORCY                       : 4
# FlipFlops/Latches                : 5
#      FD                          : 1
#      FDR                         : 4
# Clock Buffers                    : 1
#      BUFGP                       : 1
# IO Buffers                       : 1
#      OBUF                        : 1

Device utilization summary:
---------------------------

Selected Device : 7a100tcsg324-3 


Slice Logic Utilization: 
 Number of Slice Registers:               5  out of  126800     0%  
 Number of Slice LUTs:                    8  out of  63400     0%  
    Number used as Logic:                 8  out of  63400     0%  

Slice Logic Distribution: 
 Number of LUT Flip Flop pairs used:     13
   Number with an unused Flip Flop:       8  out of     13    61%  
   Number with an unused LUT:             5  out of     13    38%  
   Number of fully used LUT-FF pairs:     0  out of     13     0%  
   Number of unique control sets:         2

IO Utilization: 
 Number of IOs:                           2
 Number of bonded IOBs:                   2  out of    210     0%  

Specific Feature Utilization:
 Number of BUFG/BUFGCTRLs:                1  out of     32     3%  

---------------------------
Partition Resource Summary:
---------------------------

  No Partitions were found in this design.

---------------------------


=========================================================================
Timing Report

NOTE: THESE TIMING NUMBERS ARE ONLY A SYNTHESIS ESTIMATE.
      FOR ACCURATE TIMING INFORMATION PLEASE REFER TO THE TRACE REPORT
      GENERATED AFTER PLACE-and-ROUTE.

Clock Information:
------------------
-----------------------------------+------------------------+-------+
Clock Signal                       | Clock buffer(FF name)  | Load  |
-----------------------------------+------------------------+-------+
clk                                | BUFGP                  | 5     |
-----------------------------------+------------------------+-------+

Asynchronous Control Signals Information:
----------------------------------------
No asynchronous control signals found in this design

Timing Summary:
---------------
Speed Grade: -3

   Minimum period: 2.338ns (Maximum Frequency: 427.807MHz)
   Minimum input arrival time before clock: No path found
   Maximum output required time after clock: 0.640ns
   Maximum combinational path delay: No path found

Timing Details:
---------------
All values displayed in nanoseconds (ns)

=========================================================================
Timing constraint: Default period analysis for Clock 'clk'
  Clock period: 2.338ns (frequency: 427.807MHz)
  Total number of paths / destination ports: 37 / 9
-------------------------------------------------------------------------
Delay:               2.338ns (Levels of Logic = 7)
  Source:            clock_scale_2 (FF)
  Destination:       clock_scale_0 (FF)
  Source Clock:      clk rising
  Destination Clock: clk rising

  Data Path: clock_scale_2 to clock_scale_0
                                Gate     Net
    Cell:in->out      fanout   Delay   Delay  Logical Name (Net Name)
    ----------------------------------------  ------------
     FDR:C->Q              5   0.361   0.530  clock_scale_2 (clock_scale_2)
     LUT3:I0->O            1   0.097   0.000  Mcompar_clock_scale[26]_GND_5_o_LessThan_1_o_lut<0>1 (Mcompar_clock_scale[26]_GND_5_o_LessThan_1_o_lut<0>)
     MUXCY:S->O            1   0.353   0.000  Mcompar_clock_scale[26]_GND_5_o_LessThan_1_o_cy<0> (Mcompar_clock_scale[26]_GND_5_o_LessThan_1_o_cy<0>)
     MUXCY:CI->O           1   0.023   0.000  Mcompar_clock_scale[26]_GND_5_o_LessThan_1_o_cy<1> (Mcompar_clock_scale[26]_GND_5_o_LessThan_1_o_cy<1>)
     MUXCY:CI->O           1   0.023   0.000  Mcompar_clock_scale[26]_GND_5_o_LessThan_1_o_cy<2> (Mcompar_clock_scale[26]_GND_5_o_LessThan_1_o_cy<2>)
     MUXCY:CI->O           1   0.023   0.000  Mcompar_clock_scale[26]_GND_5_o_LessThan_1_o_cy<3> (Mcompar_clock_scale[26]_GND_5_o_LessThan_1_o_cy<3>)
     MUXCY:CI->O           1   0.023   0.000  Mcompar_clock_scale[26]_GND_5_o_LessThan_1_o_cy<4> (Mcompar_clock_scale[26]_GND_5_o_LessThan_1_o_cy<4>)
     MUXCY:CI->O           4   0.262   0.293  Mcompar_clock_scale[26]_GND_5_o_LessThan_1_o_cy<5> (Mcompar_clock_scale[26]_GND_5_o_LessThan_1_o_cy<5>)
     FDR:R                     0.349          clock_scale_0
    ----------------------------------------
    Total                      2.338ns (1.514ns logic, 0.824ns route)
                                       (64.8% logic, 35.2% route)

=========================================================================
Timing constraint: Default OFFSET OUT AFTER for Clock 'clk'
  Total number of paths / destination ports: 1 / 1
-------------------------------------------------------------------------
Offset:              0.640ns (Levels of Logic = 1)
  Source:            clock_5Hz_int (FF)
  Destination:       clk_interne (PAD)
  Source Clock:      clk rising

  Data Path: clock_5Hz_int to clk_interne
                                Gate     Net
    Cell:in->out      fanout   Delay   Delay  Logical Name (Net Name)
    ----------------------------------------  ------------
     FD:C->Q               1   0.361   0.279  clock_5Hz_int (clock_5Hz_int)
     OBUF:I->O                 0.000          clk_interne_OBUF (clk_interne)
    ----------------------------------------
    Total                      0.640ns (0.361ns logic, 0.279ns route)
                                       (56.4% logic, 43.6% route)

=========================================================================

Cross Clock Domains Report:
--------------------------

Clock to Setup on destination clock clk
---------------+---------+---------+---------+---------+
               | Src:Rise| Src:Fall| Src:Rise| Src:Fall|
Source Clock   |Dest:Rise|Dest:Rise|Dest:Fall|Dest:Fall|
---------------+---------+---------+---------+---------+
clk            |    2.338|         |         |         |
---------------+---------+---------+---------+---------+

=========================================================================


Total REAL time to Xst completion: 6.00 secs
Total CPU time to Xst completion: 6.65 secs
 
--> 

Total memory usage is 4616968 kilobytes

Number of errors   :    0 (   0 filtered)
Number of warnings :   23 (   0 filtered)
Number of infos    :    0 (   0 filtered)

