Release 14.7 - xst P.20131013 (nt64)
Copyright (c) 1995-2013 Xilinx, Inc.  All rights reserved.
--> Parameter TMPDIR set to xst/projnav.tmp


Total REAL time to Xst completion: 0.00 secs
Total CPU time to Xst completion: 0.09 secs
 
--> Parameter xsthdpdir set to xst


Total REAL time to Xst completion: 0.00 secs
Total CPU time to Xst completion: 0.09 secs
 
--> Reading design: schematuner.prj

TABLE OF CONTENTS
  1) Synthesis Options Summary
  2) HDL Parsing
  3) HDL Elaboration
  4) HDL Synthesis
       4.1) HDL Synthesis Report
  5) Advanced HDL Synthesis
       5.1) Advanced HDL Synthesis Report
  6) Low Level Synthesis
  7) Partition Report
  8) Design Summary
       8.1) Primitive and Black Box Usage
       8.2) Device utilization summary
       8.3) Partition Resource Summary
       8.4) Timing Report
            8.4.1) Clock Information
            8.4.2) Asynchronous Control Signals Information
            8.4.3) Timing Summary
            8.4.4) Timing Details
            8.4.5) Cross Clock Domains Report


=========================================================================
*                      Synthesis Options Summary                        *
=========================================================================
---- Source Parameters
Input File Name                    : "schematuner.prj"
Ignore Synthesis Constraint File   : NO

---- Target Parameters
Output File Name                   : "schematuner"
Output Format                      : NGC
Target Device                      : xc7a100t-3-csg324

---- Source Options
Top Module Name                    : schematuner
Automatic FSM Extraction           : YES
FSM Encoding Algorithm             : Auto
Safe Implementation                : No
FSM Style                          : LUT
RAM Extraction                     : Yes
RAM Style                          : Auto
ROM Extraction                     : Yes
Shift Register Extraction          : YES
ROM Style                          : Auto
Resource Sharing                   : YES
Asynchronous To Synchronous        : NO
Shift Register Minimum Size        : 2
Use DSP Block                      : Auto
Automatic Register Balancing       : No

---- Target Options
LUT Combining                      : Auto
Reduce Control Sets                : Auto
Add IO Buffers                     : YES
Global Maximum Fanout              : 100000
Add Generic Clock Buffer(BUFG)     : 32
Register Duplication               : YES
Optimize Instantiated Primitives   : NO
Use Clock Enable                   : Auto
Use Synchronous Set                : Auto
Use Synchronous Reset              : Auto
Pack IO Registers into IOBs        : Auto
Equivalent register Removal        : YES

---- General Options
Optimization Goal                  : Speed
Optimization Effort                : 1
Power Reduction                    : NO
Keep Hierarchy                     : No
Netlist Hierarchy                  : As_Optimized
RTL Output                         : Yes
Global Optimization                : AllClockNets
Read Cores                         : YES
Write Timing Constraints           : NO
Cross Clock Analysis               : NO
Hierarchy Separator                : /
Bus Delimiter                      : <>
Case Specifier                     : Maintain
Slice Utilization Ratio            : 100
BRAM Utilization Ratio             : 100
DSP48 Utilization Ratio            : 100
Auto BRAM Packing                  : NO
Slice Utilization Ratio Delta      : 5

=========================================================================


=========================================================================
*                          HDL Parsing                                  *
=========================================================================
Parsing VHDL file "G:\Etudiant\INSTRU1\FPGA\tp1 tuner\contraintes.ucf\MULTIPLEXEUR.vhd" into library work
Parsing entity <MULTIPLEXEUR>.
Parsing architecture <Behavioral> of entity <multiplexeur>.
Parsing VHDL file "G:\Etudiant\INSTRU1\FPGA\tp1 tuner\contraintes.ucf\digit_0_sur_4bits.vhd" into library work
Parsing entity <digit_0_sur_4bits>.
Parsing architecture <Behavioral> of entity <digit_0_sur_4bits>.
Parsing VHDL file "G:\Etudiant\INSTRU1\FPGA\tp1 tuner\contraintes.ucf\decode2_to_4.vhd" into library work
Parsing entity <decode2_to_4>.
Parsing architecture <Behavioral> of entity <decode2_to_4>.
Parsing VHDL file "G:\Etudiant\INSTRU1\FPGA\tp1 tuner\contraintes.ucf\constantesur4bits.vhd" into library work
Parsing entity <constantesur4bits>.
Parsing architecture <Behavioral> of entity <constantesur4bits>.
Parsing VHDL file "G:\Etudiant\INSTRU1\FPGA\tp1 tuner\contraintes.ucf\Compteur2bits.vhd" into library work
Parsing entity <Compteur2bits>.
Parsing architecture <Behavioral> of entity <compteur2bits>.
Parsing VHDL file "G:\Etudiant\INSTRU1\FPGA\Tp0\etape3\etape3.vhd" into library work
Parsing entity <etape3>.
Parsing architecture <Behavioral> of entity <etape3>.
Parsing VHDL file "G:\Etudiant\INSTRU1\FPGA\Tp0\etape3\etape2.vhd" into library work
Parsing entity <etape2>.
Parsing architecture <Behavioral> of entity <etape2>.
Parsing VHDL file "G:\Etudiant\INSTRU1\FPGA\tp1 tuner\contraintes.ucf\schematuner.vhf" into library work
Parsing entity <schematuner>.
Parsing architecture <BEHAVIORAL> of entity <schematuner>.

=========================================================================
*                            HDL Elaboration                            *
=========================================================================

Elaborating entity <schematuner> (architecture <BEHAVIORAL>) from library <work>.

Elaborating entity <constantesur4bits> (architecture <Behavioral>) from library <work>.

Elaborating entity <digit_0_sur_4bits> (architecture <Behavioral>) from library <work>.

Elaborating entity <MULTIPLEXEUR> (architecture <Behavioral>) from library <work>.
INFO:HDLCompiler:679 - "G:\Etudiant\INSTRU1\FPGA\tp1 tuner\contraintes.ucf\MULTIPLEXEUR.vhd" Line 51. Case statement is complete. others clause is never selected

Elaborating entity <decode2_to_4> (architecture <Behavioral>) from library <work>.
INFO:HDLCompiler:679 - "G:\Etudiant\INSTRU1\FPGA\tp1 tuner\contraintes.ucf\decode2_to_4.vhd" Line 55. Case statement is complete. others clause is never selected

Elaborating entity <etape3> (architecture <Behavioral>) from library <work>.

Elaborating entity <etape2> (architecture <Behavioral>) from library <work>.

Elaborating entity <Compteur2bits> (architecture <Behavioral>) from library <work>.

=========================================================================
*                           HDL Synthesis                               *
=========================================================================

Synthesizing Unit <schematuner>.
    Related source file is "G:\Etudiant\INSTRU1\FPGA\tp1 tuner\contraintes.ucf\schematuner.vhf".
    Summary:
	no macro.
Unit <schematuner> synthesized.

Synthesizing Unit <constantesur4bits>.
    Related source file is "G:\Etudiant\INSTRU1\FPGA\tp1 tuner\contraintes.ucf\constantesur4bits.vhd".
    Summary:
	no macro.
Unit <constantesur4bits> synthesized.

Synthesizing Unit <digit_0_sur_4bits>.
    Related source file is "G:\Etudiant\INSTRU1\FPGA\tp1 tuner\contraintes.ucf\digit_0_sur_4bits.vhd".
    Found 4-bit register for signal <COUNTER_U>.
    Found 1-bit register for signal <clock_1Hz_int>.
    Found 24-bit register for signal <count_1Hz>.
    Found 24-bit adder for signal <count_1Hz[23]_GND_9_o_add_1_OUT> created at line 49.
    Found 4-bit adder for signal <COUNTER_U[3]_GND_9_o_add_6_OUT> created at line 67.
    Found 24-bit comparator greater for signal <count_1Hz[23]_PWR_9_o_LessThan_1_o> created at line 48
    Found 24-bit comparator greater for signal <count_1Hz[23]_GND_9_o_LessThan_4_o> created at line 53
    Summary:
	inferred   2 Adder/Subtractor(s).
	inferred  29 D-type flip-flop(s).
	inferred   2 Comparator(s).
	inferred   1 Multiplexer(s).
Unit <digit_0_sur_4bits> synthesized.

Synthesizing Unit <MULTIPLEXEUR>.
    Related source file is "G:\Etudiant\INSTRU1\FPGA\tp1 tuner\contraintes.ucf\MULTIPLEXEUR.vhd".
    Found 4-bit 4-to-1 multiplexer for signal <Sortie_Mux> created at line 46.
    Summary:
	inferred   1 Multiplexer(s).
Unit <MULTIPLEXEUR> synthesized.

Synthesizing Unit <decode2_to_4>.
    Related source file is "G:\Etudiant\INSTRU1\FPGA\tp1 tuner\contraintes.ucf\decode2_to_4.vhd".
    Found 4x1-bit Read Only RAM for signal <afficheur_0>
    Found 4x1-bit Read Only RAM for signal <afficheur_1>
    Found 4x1-bit Read Only RAM for signal <afficheur_2>
    Found 4x1-bit Read Only RAM for signal <afficheur_3>
    Summary:
	inferred   4 RAM(s).
Unit <decode2_to_4> synthesized.

Synthesizing Unit <etape3>.
    Related source file is "G:\Etudiant\INSTRU1\FPGA\Tp0\etape3\etape3.vhd".
    Found 1-bit register for signal <clock_5Hz_int>.
    Found 27-bit register for signal <clock_scale>.
    Found 27-bit adder for signal <clock_scale[26]_GND_12_o_add_1_OUT> created at line 48.
    Found 27-bit comparator greater for signal <clock_scale[26]_PWR_12_o_LessThan_1_o> created at line 47
    Found 27-bit comparator lessequal for signal <clock_scale[26]_GND_12_o_LessThan_4_o> created at line 52
    Summary:
	inferred   1 Adder/Subtractor(s).
	inferred  28 D-type flip-flop(s).
	inferred   2 Comparator(s).
Unit <etape3> synthesized.

Synthesizing Unit <etape2>.
    Related source file is "G:\Etudiant\INSTRU1\FPGA\Tp0\etape3\etape2.vhd".
    Found 16x7-bit Read Only RAM for signal <s>
    Summary:
	inferred   1 RAM(s).
Unit <etape2> synthesized.

Synthesizing Unit <Compteur2bits>.
    Related source file is "G:\Etudiant\INSTRU1\FPGA\tp1 tuner\contraintes.ucf\Compteur2bits.vhd".
    Found 2-bit register for signal <compte>.
    Found 2-bit adder for signal <compte[1]_GND_14_o_add_0_OUT> created at line 50.
    Summary:
	inferred   1 Adder/Subtractor(s).
	inferred   2 D-type flip-flop(s).
Unit <Compteur2bits> synthesized.

=========================================================================
HDL Synthesis Report

Macro Statistics
# RAMs                                                 : 5
 16x7-bit single-port Read Only RAM                    : 1
 4x1-bit single-port Read Only RAM                     : 4
# Adders/Subtractors                                   : 6
 2-bit adder                                           : 1
 24-bit adder                                          : 2
 27-bit adder                                          : 1
 4-bit adder                                           : 2
# Registers                                            : 9
 1-bit register                                        : 3
 2-bit register                                        : 1
 24-bit register                                       : 2
 27-bit register                                       : 1
 4-bit register                                        : 2
# Comparators                                          : 6
 24-bit comparator greater                             : 4
 27-bit comparator greater                             : 1
 27-bit comparator lessequal                           : 1
# Multiplexers                                         : 3
 4-bit 2-to-1 multiplexer                              : 2
 4-bit 4-to-1 multiplexer                              : 1

=========================================================================

=========================================================================
*                       Advanced HDL Synthesis                          *
=========================================================================


Synthesizing (advanced) Unit <Compteur2bits>.
The following registers are absorbed into counter <compte>: 1 register on signal <compte>.
Unit <Compteur2bits> synthesized (advanced).

Synthesizing (advanced) Unit <decode2_to_4>.
INFO:Xst:3218 - HDL ADVISOR - The RAM <Mram_afficheur_0> will be implemented on LUTs either because you have described an asynchronous read or because of currently unsupported block RAM features. If you have described an asynchronous read, making it synchronous would allow you to take advantage of available block RAM resources, for optimized device usage and improved timings. Please refer to your documentation for coding guidelines.
    -----------------------------------------------------------------------
    | ram_type           | Distributed                         |          |
    -----------------------------------------------------------------------
    | Port A                                                              |
    |     aspect ratio   | 4-word x 1-bit                      |          |
    |     weA            | connected to signal <GND>           | high     |
    |     addrA          | connected to signal <sel>           |          |
    |     diA            | connected to signal <GND>           |          |
    |     doA            | connected to signal <afficheur_0>   |          |
    -----------------------------------------------------------------------
INFO:Xst:3218 - HDL ADVISOR - The RAM <Mram_afficheur_1> will be implemented on LUTs either because you have described an asynchronous read or because of currently unsupported block RAM features. If you have described an asynchronous read, making it synchronous would allow you to take advantage of available block RAM resources, for optimized device usage and improved timings. Please refer to your documentation for coding guidelines.
    -----------------------------------------------------------------------
    | ram_type           | Distributed                         |          |
    -----------------------------------------------------------------------
    | Port A                                                              |
    |     aspect ratio   | 4-word x 1-bit                      |          |
    |     weA            | connected to signal <GND>           | high     |
    |     addrA          | connected to signal <sel>           |          |
    |     diA            | connected to signal <GND>           |          |
    |     doA            | connected to signal <afficheur_1>   |          |
    -----------------------------------------------------------------------
INFO:Xst:3218 - HDL ADVISOR - The RAM <Mram_afficheur_2> will be implemented on LUTs either because you have described an asynchronous read or because of currently unsupported block RAM features. If you have described an asynchronous read, making it synchronous would allow you to take advantage of available block RAM resources, for optimized device usage and improved timings. Please refer to your documentation for coding guidelines.
    -----------------------------------------------------------------------
    | ram_type           | Distributed                         |          |
    -----------------------------------------------------------------------
    | Port A                                                              |
    |     aspect ratio   | 4-word x 1-bit                      |          |
    |     weA            | connected to signal <GND>           | high     |
    |     addrA          | connected to signal <sel>           |          |
    |     diA            | connected to signal <GND>           |          |
    |     doA            | connected to signal <afficheur_2>   |          |
    -----------------------------------------------------------------------
INFO:Xst:3218 - HDL ADVISOR - The RAM <Mram_afficheur_3> will be implemented on LUTs either because you have described an asynchronous read or because of currently unsupported block RAM features. If you have described an asynchronous read, making it synchronous would allow you to take advantage of available block RAM resources, for optimized device usage and improved timings. Please refer to your documentation for coding guidelines.
    -----------------------------------------------------------------------
    | ram_type           | Distributed                         |          |
    -----------------------------------------------------------------------
    | Port A                                                              |
    |     aspect ratio   | 4-word x 1-bit                      |          |
    |     weA            | connected to signal <GND>           | high     |
    |     addrA          | connected to signal <sel>           |          |
    |     diA            | connected to signal <GND>           |          |
    |     doA            | connected to signal <afficheur_3>   |          |
    -----------------------------------------------------------------------
Unit <decode2_to_4> synthesized (advanced).

Synthesizing (advanced) Unit <digit_0_sur_4bits>.
The following registers are absorbed into counter <count_1Hz>: 1 register on signal <count_1Hz>.
The following registers are absorbed into counter <COUNTER_U>: 1 register on signal <COUNTER_U>.
Unit <digit_0_sur_4bits> synthesized (advanced).

Synthesizing (advanced) Unit <etape2>.
INFO:Xst:3218 - HDL ADVISOR - The RAM <Mram_s> will be implemented on LUTs either because you have described an asynchronous read or because of currently unsupported block RAM features. If you have described an asynchronous read, making it synchronous would allow you to take advantage of available block RAM resources, for optimized device usage and improved timings. Please refer to your documentation for coding guidelines.
    -----------------------------------------------------------------------
    | ram_type           | Distributed                         |          |
    -----------------------------------------------------------------------
    | Port A                                                              |
    |     aspect ratio   | 16-word x 7-bit                     |          |
    |     weA            | connected to signal <GND>           | high     |
    |     addrA          | connected to signal <d>             |          |
    |     diA            | connected to signal <GND>           |          |
    |     doA            | connected to signal <s>             |          |
    -----------------------------------------------------------------------
Unit <etape2> synthesized (advanced).

Synthesizing (advanced) Unit <etape3>.
The following registers are absorbed into counter <clock_scale>: 1 register on signal <clock_scale>.
Unit <etape3> synthesized (advanced).

=========================================================================
Advanced HDL Synthesis Report

Macro Statistics
# RAMs                                                 : 5
 16x7-bit single-port distributed Read Only RAM        : 1
 4x1-bit single-port distributed Read Only RAM         : 4
# Counters                                             : 6
 2-bit up counter                                      : 1
 24-bit up counter                                     : 2
 27-bit up counter                                     : 1
 4-bit up counter                                      : 2
# Registers                                            : 3
 Flip-Flops                                            : 3
# Comparators                                          : 6
 24-bit comparator greater                             : 4
 27-bit comparator greater                             : 1
 27-bit comparator lessequal                           : 1
# Multiplexers                                         : 1
 4-bit 4-to-1 multiplexer                              : 1

=========================================================================

=========================================================================
*                         Low Level Synthesis                           *
=========================================================================
WARNING:Xst:1989 - Unit <schematuner>: instances <Digit_0>, <Digit_2> of unit <digit_0_sur_4bits> are equivalent, second instance is removed
WARNING:Xst:1989 - Unit <schematuner>: instances <constante_1>, <constants_3> of unit <constantesur4bits> are equivalent, second instance is removed

Optimizing unit <schematuner> ...

Mapping all equations...
Building and optimizing final netlist ...
Found area constraint ratio of 100 (+ 5) on block schematuner, actual ratio is 0.

Final Macro Processing ...

=========================================================================
Final Register Report

Macro Statistics
# Registers                                            : 59
 Flip-Flops                                            : 59

=========================================================================

=========================================================================
*                           Partition Report                            *
=========================================================================

Partition Implementation Status
-------------------------------

  No Partitions were found in this design.

-------------------------------

=========================================================================
*                            Design Summary                             *
=========================================================================

Top Level Output File Name         : schematuner.ngc

Primitive and Black Box Usage:
------------------------------
# BELS                             : 228
#      GND                         : 1
#      INV                         : 4
#      LUT1                        : 49
#      LUT2                        : 26
#      LUT3                        : 4
#      LUT4                        : 3
#      LUT5                        : 13
#      LUT6                        : 26
#      MUXCY                       : 49
#      MUXF7                       : 1
#      VCC                         : 1
#      XORCY                       : 51
# FlipFlops/Latches                : 59
#      FD                          : 39
#      FDC                         : 4
#      FDCE                        : 2
#      FDR                         : 14
# Clock Buffers                    : 1
#      BUFGP                       : 1
# IO Buffers                       : 18
#      IBUF                        : 2
#      OBUF                        : 16

Device utilization summary:
---------------------------

Selected Device : 7a100tcsg324-3 


Slice Logic Utilization: 
 Number of Slice Registers:              59  out of  126800     0%  
 Number of Slice LUTs:                  125  out of  63400     0%  
    Number used as Logic:               125  out of  63400     0%  

Slice Logic Distribution: 
 Number of LUT Flip Flop pairs used:    125
   Number with an unused Flip Flop:      66  out of    125    52%  
   Number with an unused LUT:             0  out of    125     0%  
   Number of fully used LUT-FF pairs:    59  out of    125    47%  
   Number of unique control sets:         4

IO Utilization: 
 Number of IOs:                          19
 Number of bonded IOBs:                  19  out of    210     9%  

Specific Feature Utilization:
 Number of BUFG/BUFGCTRLs:                1  out of     32     3%  

---------------------------
Partition Resource Summary:
---------------------------

  No Partitions were found in this design.

---------------------------


=========================================================================
Timing Report

NOTE: THESE TIMING NUMBERS ARE ONLY A SYNTHESIS ESTIMATE.
      FOR ACCURATE TIMING INFORMATION PLEASE REFER TO THE TRACE REPORT
      GENERATED AFTER PLACE-and-ROUTE.

Clock Information:
------------------
-----------------------------------+--------------------------+-------+
Clock Signal                       | Clock buffer(FF name)    | Load  |
-----------------------------------+--------------------------+-------+
CLK_BRD                            | BUFGP                    | 53    |
Digit_0/clock_1Hz_int              | NONE(Digit_0/COUNTER_U_0)| 4     |
XLXI_8/clock_5Hz_int               | NONE(XLXI_10/compte_0)   | 2     |
-----------------------------------+--------------------------+-------+
INFO:Xst:2169 - HDL ADVISOR - Some clock signals were not automatically buffered by XST with BUFG/BUFR resources. Please use the buffer_type constraint in order to insert these buffers to the clock signals to help prevent skew problems.

Asynchronous Control Signals Information:
----------------------------------------
No asynchronous control signals found in this design

Timing Summary:
---------------
Speed Grade: -3

   Minimum period: 2.570ns (Maximum Frequency: 389.105MHz)
   Minimum input arrival time before clock: 0.652ns
   Maximum output required time after clock: 1.477ns
   Maximum combinational path delay: No path found

Timing Details:
---------------
All values displayed in nanoseconds (ns)

=========================================================================
Timing constraint: Default period analysis for Clock 'CLK_BRD'
  Clock period: 2.570ns (frequency: 389.105MHz)
  Total number of paths / destination ports: 1877 / 67
-------------------------------------------------------------------------
Delay:               2.570ns (Levels of Logic = 3)
  Source:            Digit_0/count_1Hz_23 (FF)
  Destination:       Digit_0/count_1Hz_10 (FF)
  Source Clock:      CLK_BRD rising
  Destination Clock: CLK_BRD rising

  Data Path: Digit_0/count_1Hz_23 to Digit_0/count_1Hz_10
                                Gate     Net
    Cell:in->out      fanout   Delay   Delay  Logical Name (Net Name)
    ----------------------------------------  ------------
     FDR:C->Q              5   0.361   0.712  Digit_0/count_1Hz_23 (Digit_0/count_1Hz_23)
     LUT6:I0->O            1   0.097   0.000  Digit_0/count_1Hz[23]_PWR_9_o_LessThan_1_o_inv3_SW0_F (N5)
     MUXF7:I0->O           2   0.277   0.299  Digit_0/count_1Hz[23]_PWR_9_o_LessThan_1_o_inv3_SW0 (N01)
     LUT6:I5->O           23   0.097   0.377  Digit_0/count_1Hz[23]_PWR_9_o_LessThan_1_o_inv4 (Digit_0/count_1Hz[23]_PWR_9_o_LessThan_1_o_inv)
     FDR:R                     0.349          Digit_0/count_1Hz_10
    ----------------------------------------
    Total                      2.570ns (1.181ns logic, 1.389ns route)
                                       (46.0% logic, 54.0% route)

=========================================================================
Timing constraint: Default period analysis for Clock 'Digit_0/clock_1Hz_int'
  Clock period: 1.087ns (frequency: 920.133MHz)
  Total number of paths / destination ports: 12 / 4
-------------------------------------------------------------------------
Delay:               1.087ns (Levels of Logic = 1)
  Source:            Digit_0/COUNTER_U_0 (FF)
  Destination:       Digit_0/COUNTER_U_0 (FF)
  Source Clock:      Digit_0/clock_1Hz_int rising
  Destination Clock: Digit_0/clock_1Hz_int rising

  Data Path: Digit_0/COUNTER_U_0 to Digit_0/COUNTER_U_0
                                Gate     Net
    Cell:in->out      fanout   Delay   Delay  Logical Name (Net Name)
    ----------------------------------------  ------------
     FDC:C->Q             11   0.361   0.326  Digit_0/COUNTER_U_0 (Digit_0/COUNTER_U_0)
     INV:I->O              1   0.113   0.279  Digit_0/Mcount_COUNTER_U_xor<0>11_INV_0 (Digit_0/Mcount_COUNTER_U)
     FDC:D                     0.008          Digit_0/COUNTER_U_0
    ----------------------------------------
    Total                      1.087ns (0.482ns logic, 0.605ns route)
                                       (44.4% logic, 55.6% route)

=========================================================================
Timing constraint: Default period analysis for Clock 'XLXI_8/clock_5Hz_int'
  Clock period: 1.097ns (frequency: 911.910MHz)
  Total number of paths / destination ports: 3 / 2
-------------------------------------------------------------------------
Delay:               1.097ns (Levels of Logic = 1)
  Source:            XLXI_10/compte_0 (FF)
  Destination:       XLXI_10/compte_0 (FF)
  Source Clock:      XLXI_8/clock_5Hz_int rising
  Destination Clock: XLXI_8/clock_5Hz_int rising

  Data Path: XLXI_10/compte_0 to XLXI_10/compte_0
                                Gate     Net
    Cell:in->out      fanout   Delay   Delay  Logical Name (Net Name)
    ----------------------------------------  ------------
     FDCE:C->Q            13   0.361   0.335  XLXI_10/compte_0 (XLXI_10/compte_0)
     INV:I->O              1   0.113   0.279  XLXI_10/Mcount_compte_xor<0>11_INV_0 (Result<0>)
     FDCE:D                    0.008          XLXI_10/compte_0
    ----------------------------------------
    Total                      1.097ns (0.482ns logic, 0.615ns route)
                                       (44.0% logic, 56.0% route)

=========================================================================
Timing constraint: Default OFFSET IN BEFORE for Clock 'Digit_0/clock_1Hz_int'
  Total number of paths / destination ports: 4 / 4
-------------------------------------------------------------------------
Offset:              0.652ns (Levels of Logic = 1)
  Source:            Reset (PAD)
  Destination:       Digit_0/COUNTER_U_0 (FF)
  Destination Clock: Digit_0/clock_1Hz_int rising

  Data Path: Reset to Digit_0/COUNTER_U_0
                                Gate     Net
    Cell:in->out      fanout   Delay   Delay  Logical Name (Net Name)
    ----------------------------------------  ------------
     IBUF:I->O             6   0.001   0.302  Reset_IBUF (Reset_IBUF)
     FDC:CLR                   0.349          Digit_0/COUNTER_U_0
    ----------------------------------------
    Total                      0.652ns (0.350ns logic, 0.302ns route)
                                       (53.6% logic, 46.4% route)

=========================================================================
Timing constraint: Default OFFSET IN BEFORE for Clock 'XLXI_8/clock_5Hz_int'
  Total number of paths / destination ports: 4 / 4
-------------------------------------------------------------------------
Offset:              0.652ns (Levels of Logic = 1)
  Source:            Reset (PAD)
  Destination:       XLXI_10/compte_0 (FF)
  Destination Clock: XLXI_8/clock_5Hz_int rising

  Data Path: Reset to XLXI_10/compte_0
                                Gate     Net
    Cell:in->out      fanout   Delay   Delay  Logical Name (Net Name)
    ----------------------------------------  ------------
     IBUF:I->O             6   0.001   0.302  Reset_IBUF (Reset_IBUF)
     FDCE:CLR                  0.349          XLXI_10/compte_0
    ----------------------------------------
    Total                      0.652ns (0.350ns logic, 0.302ns route)
                                       (53.6% logic, 46.4% route)

=========================================================================
Timing constraint: Default OFFSET OUT AFTER for Clock 'Digit_0/clock_1Hz_int'
  Total number of paths / destination ports: 28 / 7
-------------------------------------------------------------------------
Offset:              1.467ns (Levels of Logic = 2)
  Source:            Digit_0/COUNTER_U_0 (FF)
  Destination:       seg<4> (PAD)
  Source Clock:      Digit_0/clock_1Hz_int rising

  Data Path: Digit_0/COUNTER_U_0 to seg<4>
                                Gate     Net
    Cell:in->out      fanout   Delay   Delay  Logical Name (Net Name)
    ----------------------------------------  ------------
     FDC:C->Q             11   0.361   0.730  Digit_0/COUNTER_U_0 (Digit_0/COUNTER_U_0)
     LUT5:I0->O            1   0.097   0.279  XLXI_9/Mram_s41 (seg_4_OBUF)
     OBUF:I->O                 0.000          seg_4_OBUF (seg<4>)
    ----------------------------------------
    Total                      1.467ns (0.458ns logic, 1.009ns route)
                                       (31.2% logic, 68.8% route)

=========================================================================
Timing constraint: Default OFFSET OUT AFTER for Clock 'XLXI_8/clock_5Hz_int'
  Total number of paths / destination ports: 17 / 12
-------------------------------------------------------------------------
Offset:              1.477ns (Levels of Logic = 2)
  Source:            XLXI_10/compte_0 (FF)
  Destination:       seg<5> (PAD)
  Source Clock:      XLXI_8/clock_5Hz_int rising

  Data Path: XLXI_10/compte_0 to seg<5>
                                Gate     Net
    Cell:in->out      fanout   Delay   Delay  Logical Name (Net Name)
    ----------------------------------------  ------------
     FDCE:C->Q            13   0.361   0.739  XLXI_10/compte_0 (XLXI_10/compte_0)
     LUT5:I0->O            1   0.097   0.279  XLXI_9/Mram_s111 (seg_1_OBUF)
     OBUF:I->O                 0.000          seg_1_OBUF (seg<1>)
    ----------------------------------------
    Total                      1.477ns (0.458ns logic, 1.019ns route)
                                       (31.0% logic, 69.0% route)

=========================================================================

Cross Clock Domains Report:
--------------------------

Clock to Setup on destination clock CLK_BRD
---------------+---------+---------+---------+---------+
               | Src:Rise| Src:Fall| Src:Rise| Src:Fall|
Source Clock   |Dest:Rise|Dest:Rise|Dest:Fall|Dest:Fall|
---------------+---------+---------+---------+---------+
CLK_BRD        |    2.570|         |         |         |
---------------+---------+---------+---------+---------+

Clock to Setup on destination clock Digit_0/clock_1Hz_int
---------------------+---------+---------+---------+---------+
                     | Src:Rise| Src:Fall| Src:Rise| Src:Fall|
Source Clock         |Dest:Rise|Dest:Rise|Dest:Fall|Dest:Fall|
---------------------+---------+---------+---------+---------+
Digit_0/clock_1Hz_int|    1.087|         |         |         |
---------------------+---------+---------+---------+---------+

Clock to Setup on destination clock XLXI_8/clock_5Hz_int
--------------------+---------+---------+---------+---------+
                    | Src:Rise| Src:Fall| Src:Rise| Src:Fall|
Source Clock        |Dest:Rise|Dest:Rise|Dest:Fall|Dest:Fall|
--------------------+---------+---------+---------+---------+
XLXI_8/clock_5Hz_int|    1.097|         |         |         |
--------------------+---------+---------+---------+---------+

=========================================================================


Total REAL time to Xst completion: 7.00 secs
Total CPU time to Xst completion: 7.13 secs
 
--> 

Total memory usage is 4633128 kilobytes

Number of errors   :    0 (   0 filtered)
Number of warnings :    2 (   0 filtered)
Number of infos    :    6 (   0 filtered)

